// Jest Snapshot v1, https://goo.gl/fbAQLP

exports[`Click on user answer should pass to the callback data-object from which this answer was created 1`] = `
Object {
  "artist": "one",
  "picture": "pic-one",
}
`;
